{
	"result": 14,
	"done": true,
	"y": 14,
	"x": 0
}
