{
	"result": 6,
	"done": true,
	"y": 6,
	"x": 0
}
