{
    "arr": [0,1,2,3,4,5,6,7,8,9],
    "sum": 45,
    "elem": 9,
    "i": 0
}