{
    "a": 10,
    "b": 0,
    "c": 100,
    "d": -125,
    "e": 125
}