{
    "a": 10,
    "b": 9,
    "c": 19,
    "d": 51
}