{
    "a": -10,
    "b": -1,
    "c": -9,
    "d": 41
}