{
    "t": true,
    "f": false,
    "a": true,
    "b": false,
    "c": true,
    "d": true
}