{
    "a": true,
    "b": false,
    "r1": true,
    "r2": false,
    "r3": true
}