{
    "a": true,
    "b": false,
    "r1": false,
    "r2": true,
    "r3": false
}