{
    "t": true,
    "f": false,
    "a": false,
    "b": true,
    "c": true,
    "d": false
}