{
    "a": 28986,
    "b": 7,
    "c": 9,
    "d": 17,
    "e": 57972
}