{
    "a": 12,
    "b": 3,
    "c": 0,
    "d": 6,
    "e": 15
}