{
    "a": 2,
    "b": 4,
    "c": 1,
    "d": 3,
    "e": 0,
    "f": 2,
    "g": 1
}