{
    "a": 0,
    "b": 0,
    "c": 345,
    "d": 15525,
    "e": 10,
    "f": 100,
    "g": 3450
}