{
    "a": 10,
    "b": 0,
    "c": 65526,
    "d": 0,
    "e": 10
}