{
    "a": 12,
    "b": 3,
    "c": 15,
    "d": 15,
    "e": 15
}