{
    "a": 0,
    "b": 60,
    "c": 1,
    "d": 30,
    "e": 10,
    "f": 0,
    "g": 1
}