{
    "arr": [20, 30, 40, 50],
    "i": 3,
    "r1": 20,
    "r2": 30,
    "r3": 40,
    "r4": 50
}