{
    "arr1": [0, 0, 100, 0],
    "arr2": [0, 0, 100, 0],
    "result": 100
}