{
    "a": 5,
    "b": 4,
    "c": 84,
    "d": 69,
    "e": 53
}