{
    "a": 16,
    "b": 2,
    "c": 4,
    "d": 0,
    "e": 1
}