{
    "a": 3554760518,
    "b": 740206777,
    "c": 4294967290,
    "d": 15,
    "e": 5,
    "f": 0
}