{
    "a": 2,
    "b": 4,
    "c": 0,
    "d": 12,
    "e": 0,
    "f": 4,
    "g": 8
}