{
    "a": 4,
    "b": 8,
    "c": 1,
    "d": 16,
    "r1": true,
    "r2": false,
    "r3": false,
    "r4": true
}