{
    "done": true,
    "n": 5,
    "i": 6,
    "fact": 120
}