{
    "a": true,
    "b": false,
    "c": true,
    "d": false,
    "e": true,
    "f": true,
    "g": true,
    "h": true,
    "i": true,
    "j": true
}