{
    "a": 0,
    "b": 12,
    "c": 0,
    "d": 7,
    "e": -10,
    "f": 1,
    "g": -10
}