{
    "a": 0,
    "b": 10,
    "c": -10,
    "d": 1234567890
}